
Switch>en
Switch#config t
Enter configuration commands, one per line.  End with CNTL/Z.
Switch(config)#hostname M MainSwitch
MainSwitch(config)#no ip domain-lookuo p
MainSwitch(config)#inf t vlan 1
MainSwitch(config-if)#ip address 192.168.1.2 255.255.255.0
MainSwitch(config-if)#e no shut
MainSwitch(config-if)#exit
MainSwitch(config)#
Oct 29 03:06:55.921: %LINK-3-UPDOWN: Interface Vlan1, changed state to up
Oct 29 03:06:55.925: %LINEPROTO-5-UPDOWN: Line protocol on Interface Vlan1, changed state to up
MainSwitch(config)#ip de
MainSwitch(config)#ip def
MainSwitch(config)#ip default-gatew
MainSwitch(config)#ip default-gateway   192.168.1.1
MainSwitch(config)#username admin 515     15 secret <myPassword>
                                  ^
% Invalid input detected at '^' marker.

MainSwitch(config)#username admin 15 secret <myPassword> secret <myPassword>  secret <myPassword> secret <myPassword> 
MainSwitch(config)#enable secret <myPassword>
MainSwitch(config)#ip doma
MainSwitch(config)#ip domain-name billon  onlabs .local
MainSwitch(config)#crypto ket y generate rss a modulus 2048
The name for the keys will be: MainSwitch.billonlab.local

% The key modulus size is 2048 bits
% Generating 2048 bit RSA keys, keys will be non-exportable...
[OK] (elapsed time was 8 seconds)

MainSwitch(config)#
Oct 29 03:09:00.779: %SSH-5-ENABLED: SSH 1.99 has been enabled
MainSwitch(config)#ip ssh version 2
MainSwitch(config)#line vty 0 15
MainSwitch(config-line)#login local
MainSwitch(config-line)#transo port input ssh
MainSwitch(config-line)#exit
MainSwitch(config)#exit
MainSwitch#show run
Oct 29 03:09:51.016: %SYS-5-CONFIG_I: Configured from console by console
Building configuration...

Current configuration : 2838 bytes
!
! Last configuration change at 03:09:51 UTC Wed Oct 29 2025
!
version 15.2
no service pad
service timestamps debug datetime msec
service timestamps log datetime msec
no service password-encryption
!
hostname MainSwitch
!
boot-start-marker
boot-end-marker
!
enable secret 9 $9$htzH4NLm4nYnN4$nlTrnUVLPwegiMbGkXTFyUiHX8wlYbCTTcxyjfFZhlk
!
username admin secret 9 $9$iZCUw0qN2NVu/q$No5d9Ar4M15QDQFEFEFaIR9HDWiPEhDlKcvQN3cXFdg
no aaa new-model
switch 2 provision ws-c2960xr-48lpd-i
system mtu routing 1500
 --More--         !
 --More--         !
 --More--         !
 --More--         !
 --More--         !
 --More--         !
 --More--         no ip domain-lookup
 --More--         ip domain-name billonlab.local
 --More--         !
 --More--         !
 --More--         !
 --More--         !
 --More--         !
 --More--         !
 --More--         !
 --More--         !
 --More--         !
 --More--         spanning-tree mode rapid-pvst
 --More--         spanning-tree extend system-id
 --More--         !
 --More--         !
 --More--         !
 --More--         !
 --More--         vlan internal allocation policy ascending
 --More--         !
 --More--         !
 --More--         ! 
 --More--         !
 --More--         !
 --More--         !
 --More--         !
 --More--         !
 --More--         !
 --More--         !
 --More--         !
 --More--         interface FastEthernet0
 --More--          no ip address
 --More--          shutdown
 --More--         !
 --More--         interface GigabitEthernet2/0/1
 --More--         !
 --More--         interface GigabitEthernet2/0/2
 --More--         !
 --More--         interface GigabitEthernet2/0/3
 --More--         !
 --More--         interface GigabitEthernet2/0/4
 --More--         !
 --More--         interface GigabitEthernet2/0/5
 --More--         !
 --More--         interface GigabitEthernet2/0/6
 --More--         !
 --More--         interface GigabitEthernet2/0/7
 --More--         !
 --More--         interface GigabitEthernet2/0/8
 --More--         !
 --More--         interface GigabitEthernet2/0/9
 --More--         !
 --More--         interface GigabitEthernet2/0/10
 --More--         !
 --More--         interface GigabitEthernet2/0/11
 --More--         !
 --More--         interface GigabitEthernet2/0/12
 --More--         !
 --More--         interface GigabitEthernet2/0/13
 --More--         !
 --More--         interface GigabitEthernet2/0/14
 --More--         !
 --More--         interface GigabitEthernet2/0/15
 --More--         !
 --More--         interface GigabitEthernet2/0/16
 --More--         !
 --More--         interface GigabitEthernet2/0/17
 --More--         !
 --More--         interface GigabitEthernet2/0/18
 --More--         !
 --More--         interface GigabitEthernet2/0/19
 --More--         !
 --More--         interface GigabitEthernet2/0/20
 --More--         !
 --More--         interface GigabitEthernet2/0/21
 --More--         !
 --More--         interface GigabitEthernet2/0/22
 --More--         !
 --More--         interface GigabitEthernet2/0/23
 --More--         !
 --More--         interface GigabitEthernet2/0/24
 --More--         !
 --More--         interface GigabitEthernet2/0/25
 --More--         !
 --More--         interface GigabitEthernet2/0/26
 --More--         !
 --More--         interface GigabitEthernet2/0/27
 --More--         !
 --More--         interface GigabitEthernet2/0/28
 --More--         !
 --More--         interface GigabitEthernet2/0/29
 --More--         !
 --More--         interface GigabitEthernet2/0/30
 --More--         !
 --More--         interface GigabitEthernet2/0/31
 --More--         !
 --More--         interface GigabitEthernet2/0/32
 --More--         !
 --More--         interface GigabitEthernet2/0/33
 --More--         !
 --More--         interface GigabitEthernet2/0/34
 --More--         !
 --More--         interface GigabitEthernet2/0/35
 --More--         !
 --More--         interface GigabitEthernet2/0/36
 --More--         !
 --More--         interface GigabitEthernet2/0/37
 --More--         !
 --More--         interface GigabitEthernet2/0/38
 --More--         !
 --More--         interface GigabitEthernet2/0/39
 --More--         !
 --More--         interface GigabitEthernet2/0/40
 --More--         !
 --More--         interface GigabitEthernet2/0/41
 --More--         !
 --More--         interface GigabitEthernet2/0/42
 --More--         !
 --More--         interface GigabitEthernet2/0/43
 --More--         !
 --More--         interface GigabitEthernet2/0/44
 --More--         !
 --More--         interface GigabitEthernet2/0/45
 --More--         !
 --More--         interface GigabitEthernet2/0/46
 --More--         !
 --More--         interface GigabitEthernet2/0/47
 --More--         !
 --More--         interface GigabitEthernet2/0/48
 --More--         !
 --More--         interface GigabitEthernet2/0/49
 --More--         !
 --More--         interface GigabitEthernet2/0/50
 --More--         !
 --More--         interface TenGigabitEthernet2/0/1
 --More--         !
 --More--         interface TenGigabitEthernet2/0/2
 --More--         !
 --More--         interface Vlan1
 --More--          ip address 192.168.1.2 255.255.255.0
 --More--         !
 --More--         ip default-gateway 192.168.1.1
 --More--         ip forward-protocol nd
 --More--         !
 --More--         ip http server
 --More--         ip http secure-server
 --More--         ip ssh version 2
 --More--         !
 --More--         !
 --More--         !
 --More--         !
 --More--         !
 --More--         line con 0
 --More--          speed 115200
 --More--         line vty 0 4
 --More--          login local
 --More--          transport input ssh
 --More--         line vty 5 15
 --More--          login local
 --More--          transport input ssh
 --More--         !
 --More--         !
 --More--         end
 --More--         
MainSwitch#line ocnso     console 0
             ^
% Invalid input detected at '^' marker.

MainSwitch#conf t
Enter configuration commands, one per line.  End with CNTL/Z.
MainSwitch(config)#line console 0
MainSwitch(config-line)#login local
MainSwitch(config-line)#exec-timeout 10
MainSwitch(config-line)#exit
MainSwitch(config)#e do show run
Building configuration...

Current configuration : 2851 bytes
!
! Last configuration change at 03:09:51 UTC Wed Oct 29 2025
!
version 15.2
no service pad
service timestamps debug datetime msec
service timestamps log datetime msec
no service password-encryption
!
hostname MainSwitch
!
boot-start-marker
boot-end-marker
!
enable secret 9 $9$htzH4NLm4nYnN4$nlTrnUVLPwegiMbGkXTFyUiHX8wlYbCTTcxyjfFZhlk
!
username admin secret 9 $9$iZCUw0qN2NVu/q$No5d9Ar4M15QDQFEFEFaIR9HDWiPEhDlKcvQN3cXFdg
no aaa new-model
switch 2 provision ws-c2960xr-48lpd-i
system mtu routing 1500
 --More--         !
 --More--         !
 --More--         !
 --More--         !
 --More--         !
 --More--         !
 --More--         no ip domain-lookup
 --More--         ip domain-name billonlab.local
 --More--         !
 --More--         !
 --More--         !
 --More--         !
 --More--         !
 --More--         !
 --More--         !
 --More--         !
 --More--         !
 --More--         spanning-tree mode rapid-pvst
 --More--         spanning-tree extend system-id
 --More--         !
 --More--         !
 --More--         !
 --More--         !
 --More--         vlan internal allocation policy ascending
 --More--         !
 --More--         !
 --More--         ! 
 --More--         !
 --More--         !
 --More--         !
 --More--         !
 --More--         !
 --More--         !
 --More--         !
 --More--         !
 --More--         interface FastEthernet0
 --More--          no ip address
 --More--          shutdown
 --More--         !
 --More--         interface GigabitEthernet2/0/1
 --More--         !
 --More--         interface GigabitEthernet2/0/2
 --More--         !
 --More--         interface GigabitEthernet2/0/3
 --More--         !
 --More--         interface GigabitEthernet2/0/4
 --More--         !
 --More--         interface GigabitEthernet2/0/5
 --More--         !
 --More--         interface GigabitEthernet2/0/6
 --More--         !
 --More--         interface GigabitEthernet2/0/7
 --More--         !
 --More--         interface GigabitEthernet2/0/8
 --More--         !
 --More--         interface GigabitEthernet2/0/9
 --More--         !
 --More--         interface GigabitEthernet2/0/10
 --More--         !
 --More--         interface GigabitEthernet2/0/11
 --More--         !
 --More--         interface GigabitEthernet2/0/12
 --More--         !
 --More--         interface GigabitEthernet2/0/13
 --More--         !
 --More--         interface GigabitEthernet2/0/14
 --More--         !
 --More--         interface GigabitEthernet2/0/15
 --More--         !
 --More--         interface GigabitEthernet2/0/16
 --More--         !
 --More--         interface GigabitEthernet2/0/17
 --More--         !
 --More--         interface GigabitEthernet2/0/18
 --More--         !
 --More--         interface GigabitEthernet2/0/19
 --More--         !
 --More--         interface GigabitEthernet2/0/20
 --More--         !
 --More--         interface GigabitEthernet2/0/21
 --More--         !
 --More--         interface GigabitEthernet2/0/22
 --More--         !
 --More--         interface GigabitEthernet2/0/23
 --More--         !
 --More--         interface GigabitEthernet2/0/24
 --More--         !
 --More--         interface GigabitEthernet2/0/25
 --More--         !
 --More--         interface GigabitEthernet2/0/26
 --More--         !
 --More--         interface GigabitEthernet2/0/27
 --More--         !
 --More--         interface GigabitEthernet2/0/28
 --More--         !
 --More--         interface GigabitEthernet2/0/29
 --More--         !
 --More--         interface GigabitEthernet2/0/30
 --More--         !
 --More--         interface GigabitEthernet2/0/31
 --More--         !
 --More--         interface GigabitEthernet2/0/32
 --More--         !
 --More--         interface GigabitEthernet2/0/33
 --More--         !
 --More--         interface GigabitEthernet2/0/34
 --More--         !
 --More--         interface GigabitEthernet2/0/35
 --More--         !
 --More--         interface GigabitEthernet2/0/36
 --More--         !
 --More--         interface GigabitEthernet2/0/37
 --More--         !
 --More--         interface GigabitEthernet2/0/38
 --More--         !
 --More--         interface GigabitEthernet2/0/39
 --More--         !
 --More--         interface GigabitEthernet2/0/40
 --More--         !
 --More--         interface GigabitEthernet2/0/41
 --More--         !
 --More--         interface GigabitEthernet2/0/42
 --More--         !
 --More--         interface GigabitEthernet2/0/43
 --More--         !
 --More--         interface GigabitEthernet2/0/44
 --More--         !
 --More--         interface GigabitEthernet2/0/45
 --More--         !
 --More--         interface GigabitEthernet2/0/46
 --More--         !
 --More--         interface GigabitEthernet2/0/47
 --More--         !
 --More--         interface GigabitEthernet2/0/48
 --More--         !
 --More--         interface GigabitEthernet2/0/49
 --More--         !
 --More--         interface GigabitEthernet2/0/50
 --More--         !
 --More--         interface TenGigabitEthernet2/0/1
 --More--         !
 --More--         interface TenGigabitEthernet2/0/2
 --More--         !
 --More--         interface Vlan1
 --More--          ip address 192.168.1.2 255.255.255.0
 --More--         !
 --More--         ip default-gateway 192.168.1.1
 --More--         ip forward-protocol nd
 --More--         !
 --More--         ip http server
 --More--         ip http secure-server
 --More--         ip ssh version 2
 --More--         !
 --More--         !
 --More--         !
 --More--         !
 --More--         !
 --More--         line con 0
 --More--          login local
 --More--          speed 115200
 --More--         line vty 0 4
 --More--          login local
 --More--          transport input ssh
 --More--         line vty 5 15
 --More--          login local
 --More--          transport input ssh
 --More--         !
 --More--         !
 --More--         end
 --More--         
MainSwitch(config)#do show trun    tn  run
Building configuration...

Current configuration : 2851 bytes
!
! Last configuration change at 03:09:51 UTC Wed Oct 29 2025
!
version 15.2
no service pad
service timestamps debug datetime msec
service timestamps log datetime msec
no service password-encryption
!
hostname MainSwitch
!
boot-start-marker
boot-end-marker
!
enable secret 9 $9$htzH4NLm4nYnN4$nlTrnUVLPwegiMbGkXTFyUiHX8wlYbCTTcxyjfFZhlk
!
username admin secret 9 $9$iZCUw0qN2NVu/q$No5d9Ar4M15QDQFEFEFaIR9HDWiPEhDlKcvQN3cXFdg
no aaa new-model
switch 2 provision ws-c2960xr-48lpd-i
system mtu routing 1500
 --More--         !
 --More--         !
 --More--         !
 --More--         !
 --More--         !
 --More--         !
 --More--         no ip domain-lookup
 --More--         ip domain-name billonlab.local
 --More--         !
 --More--         !
 --More--         !
 --More--         !
 --More--         !
 --More--         !
 --More--         !
 --More--         !
 --More--         !
 --More--         spanning-tree mode rapid-pvst
 --More--         spanning-tree extend system-id
 --More--         !
 --More--         !
 --More--         !
 --More--         !
 --More--         vlan internal allocation policy ascending
 --More--         !
 --More--         !
 --More--         ! 
 --More--         !
 --More--         !
 --More--         !
 --More--         !
 --More--         !
 --More--         !
 --More--         !
 --More--         !
 --More--         interface FastEthernet0
 --More--          no ip address
 --More--          shutdown
 --More--         !
 --More--         interface GigabitEthernet2/0/1
 --More--         !
interface GigabitEthernet2/0/2
!
interface GigabitEthernet2/0/3
!
interface GigabitEthernet2/0/4
!
interface GigabitEthernet2/0/5
!
interface GigabitEthernet2/0/6
!
interface GigabitEthernet2/0/7
!
interface GigabitEthernet2/0/8
!
interface GigabitEthernet2/0/9
!
interface GigabitEthernet2/0/10
!
interface GigabitEthernet2/0/11
!
interface GigabitEthernet2/0/12
!
 --More--         interface GigabitEthernet2/0/13
!
interface GigabitEthernet2/0/14
!
interface GigabitEthernet2/0/15
!
interface GigabitEthernet2/0/16
!
interface GigabitEthernet2/0/17
!
interface GigabitEthernet2/0/18
!
interface GigabitEthernet2/0/19
!
interface GigabitEthernet2/0/20
!
interface GigabitEthernet2/0/21
!
interface GigabitEthernet2/0/22
!
interface GigabitEthernet2/0/23
!
interface GigabitEthernet2/0/24
 --More--         !
interface GigabitEthernet2/0/25
!
interface GigabitEthernet2/0/26
!
interface GigabitEthernet2/0/27
!
interface GigabitEthernet2/0/28
!
interface GigabitEthernet2/0/29
!
interface GigabitEthernet2/0/30
!
interface GigabitEthernet2/0/31
!
interface GigabitEthernet2/0/32
!
interface GigabitEthernet2/0/33
!
interface GigabitEthernet2/0/34
!
interface GigabitEthernet2/0/35
!
 --More--         interface GigabitEthernet2/0/36
!
interface GigabitEthernet2/0/37
!
interface GigabitEthernet2/0/38
!
interface GigabitEthernet2/0/39
!
interface GigabitEthernet2/0/40
!
interface GigabitEthernet2/0/41
!
interface GigabitEthernet2/0/42
!
interface GigabitEthernet2/0/43
!
interface GigabitEthernet2/0/44
!
interface GigabitEthernet2/0/45
!
interface GigabitEthernet2/0/46
!
interface GigabitEthernet2/0/47
 --More--         !
interface GigabitEthernet2/0/48
!
interface GigabitEthernet2/0/49
!
interface GigabitEthernet2/0/50
!
interface TenGigabitEthernet2/0/1
!
interface TenGigabitEthernet2/0/2
!
interface Vlan1
 ip address 192.168.1.2 255.255.255.0
!
ip default-gateway 192.168.1.1
ip forward-protocol nd
!
ip http server
ip http secure-server
ip ssh version 2
!
!
!
 --More--         !
!
line con 0
 login local
 speed 115200
line vty 0 4
 login local
 transport input ssh
line vty 5 15
 login local
 transport input ssh
!
!
end

MainSwitch(config)#int g2/0/1
MainSwitch(config-if)#no shutdown
MainSwitch(config-if)#no shutdownint g2/0/1  2
MainSwitch(config-if)#swi 
MainSwitch(config-if)#switchport m
MainSwitch(config-if)#switchport mode access
MainSwitch(config-if)#sw
MainSwitch(config-if)#switchport access vlan 1
MainSwitch(config-if)#spanning          exit
MainSwitch(config)#int g 2  2/0/2 3-10
                             ^
% Invalid input detected at '^' marker.

MainSwitch(config)#int g2/0/3-10    - g2/0/3 10
                              ^
% Invalid input detected at '^' marker.

MainSwitch(config)#int g2/0/3 - g2/0/10rg2/0/3 - g2/0/10ag2/0/3 - g2/0/10ng2/0/3 - g2/0/10gg2/0/3 - g2/0/10eg2/0/3 - g2/0/10 g2/0/3 - g2/0/10
                                      ^
% Invalid input detected at '^' marker.

MainSwitch(config)#int range g2/0/3 - g2/0/10i2/0/3 - g2/0/10g2/0/3 - g2/0/10a2/0/3 - g2/0/10b2/0/3 - g2/0/10n2/0/3 - g2/0/10i2/0/3 - g2/0/102/0/3 - g2/0/10 2/0/3 - g2/0/10 2/0/3 - g2/0/10 2/0/3 - g2/0/10 
MainSwitch#
Oct 29 03:14:19.874: %SYS-5-CONFIG_I: Configured from console by consoleconf t      conf t      
MainSwitch#int ran
MainSwitch#int ranhe
MainSwitch#int ranhe  ge           conf t
Enter configuration commands, one per line.  End with CNTL/Z.
MainSwitch(config)#inter
MainSwitch(config)#interface ran
MainSwitch(config)#interface range gigabitEthernet2/0/3 - 10
MainSwitch(config-if-range)#sw mode access
MainSwitch(config-if-range)#sw acc
MainSwitch(config-if-range)#sw access vlan 1
MainSwitch(config-if-range)#ex  no shut
MainSwitch(config-if-range)#exit
MainSwitch(config)#exit
MainSwitch#show tu
Oct 29 03:15:15.215: %SYS-5-CONFIG_I: Configured from console by console   
% Type "show ?" for a list of subcommands
MainSwitch#show run
Building configuration...

Current configuration : 3067 bytes
!
! Last configuration change at 03:15:15 UTC Wed Oct 29 2025
!
version 15.2
no service pad
service timestamps debug datetime msec
service timestamps log datetime msec
no service password-encryption
!
hostname MainSwitch
!
boot-start-marker
boot-end-marker
!
enable secret 9 $9$htzH4NLm4nYnN4$nlTrnUVLPwegiMbGkXTFyUiHX8wlYbCTTcxyjfFZhlk
!
username admin secret 9 $9$iZCUw0qN2NVu/q$No5d9Ar4M15QDQFEFEFaIR9HDWiPEhDlKcvQN3cXFdg
no aaa new-model
switch 2 provision ws-c2960xr-48lpd-i
system mtu routing 1500
 --More--         !
 --More--         !
 --More--         !
 --More--         !
 --More--         !
 --More--         !
 --More--         no ip domain-lookup
 --More--         ip domain-name billonlab.local
 --More--         !
 --More--         !
 --More--         !
 --More--         !
 --More--         !
 --More--         !
 --More--         !
 --More--         !
 --More--         !
 --More--         spanning-tree mode rapid-pvst
 --More--         spanning-tree extend system-id
 --More--         !
 --More--         !
 --More--         !
 --More--         !
 --More--         vlan internal allocation policy ascending
 --More--         !
 --More--         !
 --More--         ! 
 --More--         !
 --More--         !
 --More--         !
 --More--         !
 --More--         !
 --More--         !
 --More--         !
 --More--         !
 --More--         interface FastEthernet0
 --More--          no ip address
 --More--          shutdown
 --More--         !
 --More--         interface GigabitEthernet2/0/1
 --More--         !
 --More--         interface GigabitEthernet2/0/2
 --More--          switchport mode access
 --More--         !
 --More--         interface GigabitEthernet2/0/3
 --More--          switchport mode access
 --More--         !
 --More--         interface GigabitEthernet2/0/4
 --More--          switchport mode access
 --More--         !
 --More--         interface GigabitEthernet2/0/5
 --More--          switchport mode access
 --More--         !
 --More--         interface GigabitEthernet2/0/6
 --More--          switchport mode access
 --More--         !
 --More--         interface GigabitEthernet2/0/7
 --More--          switchport mode access
 --More--         !
 --More--         interface GigabitEthernet2/0/8
 --More--          switchport mode access
 --More--         !
 --More--         interface GigabitEthernet2/0/9
 --More--          switchport mode access
 --More--         !
 --More--         interface GigabitEthernet2/0/10
 --More--          switchport mode access
 --More--         !
 --More--         interface GigabitEthernet2/0/11
 --More--         !
 --More--         interface GigabitEthernet2/0/12
 --More--         !
 --More--         interface GigabitEthernet2/0/13
 --More--         !
 --More--         interface GigabitEthernet2/0/14
 --More--         !
 --More--         interface GigabitEthernet2/0/15
 --More--         !
 --More--         interface GigabitEthernet2/0/16
 --More--         !
 --More--         interface GigabitEthernet2/0/17
 --More--         !
 --More--         interface GigabitEthernet2/0/18
 --More--         !
 --More--         interface GigabitEthernet2/0/19
 --More--         !
 --More--         interface GigabitEthernet2/0/20
 --More--         !
 --More--         interface GigabitEthernet2/0/21
 --More--         !
 --More--         interface GigabitEthernet2/0/22
 --More--         !
 --More--         interface GigabitEthernet2/0/23
 --More--         !
 --More--         interface GigabitEthernet2/0/24
 --More--         !
 --More--         interface GigabitEthernet2/0/25
 --More--         !
 --More--         interface GigabitEthernet2/0/26
 --More--         !
 --More--         interface GigabitEthernet2/0/27
 --More--         !
 --More--         interface GigabitEthernet2/0/28
 --More--         !
 --More--         interface GigabitEthernet2/0/29
 --More--         !
 --More--         interface GigabitEthernet2/0/30
 --More--         !
 --More--         interface GigabitEthernet2/0/31
 --More--         !
 --More--         interface GigabitEthernet2/0/32
 --More--         !
 --More--         interface GigabitEthernet2/0/33
 --More--         !
 --More--         interface GigabitEthernet2/0/34
 --More--         !
 --More--         interface GigabitEthernet2/0/35
 --More--         !
 --More--         interface GigabitEthernet2/0/36
 --More--         !
 --More--         interface GigabitEthernet2/0/37
 --More--         !
 --More--         interface GigabitEthernet2/0/38
 --More--         !
 --More--         interface GigabitEthernet2/0/39
 --More--         !
 --More--         interface GigabitEthernet2/0/40
 --More--         !
 --More--         interface GigabitEthernet2/0/41
 --More--         !
 --More--         interface GigabitEthernet2/0/42
 --More--         !
 --More--         interface GigabitEthernet2/0/43
 --More--         !
 --More--         interface GigabitEthernet2/0/44
 --More--         !
 --More--         interface GigabitEthernet2/0/45
 --More--         !
 --More--         interface GigabitEthernet2/0/46
 --More--         !
 --More--         interface GigabitEthernet2/0/47
 --More--         !
 --More--         interface GigabitEthernet2/0/48
 --More--         !
 --More--         interface GigabitEthernet2/0/49
 --More--         !
 --More--         interface GigabitEthernet2/0/50
 --More--         !
 --More--         interface TenGigabitEthernet2/0/1
 --More--         !
 --More--         interface TenGigabitEthernet2/0/2
 --More--         !
 --More--         interface Vlan1
 --More--          ip address 192.168.1.2 255.255.255.0
 --More--         !
 --More--         ip default-gateway 192.168.1.1
 --More--         ip forward-protocol nd
 --More--         !
 --More--         ip http server
 --More--         ip http secure-server
 --More--         ip ssh version 2
 --More--         !
 --More--         !
 --More--         !
 --More--         !
 --More--         !
 --More--         line con 0
 --More--          login local
 --More--          speed 115200
 --More--         line vty 0 4
 --More--          login local
 --More--          transport input ssh
 --More--         line vty 5 15
 --More--          login local
 --More--          transport input ssh
 --More--         !
 --More--         !
 --More--         end
 --More--         
MainSwitch#se  conf t
Enter configuration commands, one per line.  End with CNTL/Z.
MainSwitch(config)#set rvice timesa tamops   s log date
MainSwitch(config)#service timestams log datetie
MainSwitch(config)#service timestams log datetie me
MainSwitch(config)#service timestams log datetime msec
                                   ^
% Invalid input detected at '^' marker.

MainSwitch(config)#service timestams log datetime msecmps log datetime msec
MainSwitch(config)#service password-encrypti ion
MainSwitch(config)#loggin buffered 4096
MainSwitch(config)#loggin buffered 4096g buffered 4096
MainSwitch(config)#end
MainSwitch#
Oct 29 03:17:01.414: %SYS-5-CONFIG_I: Configured from console by consolewr
Building configuration...
[OK]
MainSwitch#wr
Building configuration...
[OK]
MainSwitch#show run
Building configuration...

Current configuration : 3124 bytes
!
! Last configuration change at 03:17:01 UTC Wed Oct 29 2025
! NVRAM config last updated at 03:17:05 UTC Wed Oct 29 2025
!
version 15.2
no service pad
service timestamps debug datetime msec
service timestamps log datetime msec
service password-encryption
!
hostname MainSwitch
!
boot-start-marker
boot-end-marker
!
enable secret 9 $9$htzH4NLm4nYnN4$nlTrnUVLPwegiMbGkXTFyUiHX8wlYbCTTcxyjfFZhlk
!
username admin secret 9 $9$iZCUw0qN2NVu/q$No5d9Ar4M15QDQFEFEFaIR9HDWiPEhDlKcvQN3cXFdg
no aaa new-model
switch 2 provision ws-c2960xr-48lpd-i
 --More--         system mtu routing 1500
!
!
!
!
!
!
no ip domain-lookup
ip domain-name billonlab.local
!
!
!
!
!
!
!
!
!
spanning-tree mode rapid-pvst
spanning-tree extend system-id
!
!
!
 --More--         !
vlan internal allocation policy ascending
!
!
! 
!
!
!
!
!
!
!
!
interface FastEthernet0
 no ip address
 shutdown
!
interface GigabitEthernet2/0/1
!
interface GigabitEthernet2/0/2
 switchport mode access
!
interface GigabitEthernet2/0/3
 --More--          switchport mode access
!
interface GigabitEthernet2/0/4
 switchport mode access
!
interface GigabitEthernet2/0/5
 switchport mode access
!
interface GigabitEthernet2/0/6
 switchport mode access
!
interface GigabitEthernet2/0/7
 switchport mode access
!
interface GigabitEthernet2/0/8
 switchport mode access
!
interface GigabitEthernet2/0/9
 switchport mode access
!
interface GigabitEthernet2/0/10
 switchport mode access
!
 --More--         interface GigabitEthernet2/0/11
!
interface GigabitEthernet2/0/12
!
interface GigabitEthernet2/0/13
!
interface GigabitEthernet2/0/14
!
interface GigabitEthernet2/0/15
!
interface GigabitEthernet2/0/16
!
interface GigabitEthernet2/0/17
!
interface GigabitEthernet2/0/18
!
interface GigabitEthernet2/0/19
!
interface GigabitEthernet2/0/20
!
interface GigabitEthernet2/0/21
!
interface GigabitEthernet2/0/22
 --More--         !
interface GigabitEthernet2/0/23
!
interface GigabitEthernet2/0/24
!
interface GigabitEthernet2/0/25
!
interface GigabitEthernet2/0/26
!
interface GigabitEthernet2/0/27
!
interface GigabitEthernet2/0/28
!
interface GigabitEthernet2/0/29
!
interface GigabitEthernet2/0/30
!
interface GigabitEthernet2/0/31
!
interface GigabitEthernet2/0/32
!
interface GigabitEthernet2/0/33
!
 --More--         interface GigabitEthernet2/0/34
!
interface GigabitEthernet2/0/35
!
interface GigabitEthernet2/0/36
!
interface GigabitEthernet2/0/37
!
interface GigabitEthernet2/0/38
!
interface GigabitEthernet2/0/39
!
interface GigabitEthernet2/0/40
!
interface GigabitEthernet2/0/41
!
interface GigabitEthernet2/0/42
!
interface GigabitEthernet2/0/43
!
interface GigabitEthernet2/0/44
!
interface GigabitEthernet2/0/45
 --More--         !
interface GigabitEthernet2/0/46
!
interface GigabitEthernet2/0/47
!
interface GigabitEthernet2/0/48
!
interface GigabitEthernet2/0/49
!
interface GigabitEthernet2/0/50
!
interface TenGigabitEthernet2/0/1
!
interface TenGigabitEthernet2/0/2
!
interface Vlan1
 ip address 192.168.1.2 255.255.255.0
!
ip default-gateway 192.168.1.1
ip forward-protocol nd
!
ip http server
ip http secure-server
 --More--         ip ssh version 2
!
!
!
!
!
line con 0
 login local
 speed 115200
line vty 0 4
 login local
 transport input ssh
line vty 5 15
 login local
 transport input ssh
!
!
end

MainSwitch#conf t  
Enter configuration commands, one per line.  End with CNTL/Z.
MainSwitch(config)#e banner mod td ^CUn nauthorze  iez  zed Access is Strict ly    tly Prog hibited^C
MainSwitch(config)#c; lockl    timezone HST -10
MainSwitch(config)#
Oct 29 03:18:20.893: %SYS-6-CLOCKUPDATE: System clock has been updated from 03:18:20 UTC Wed Oct 29 2025 to 17:18:20 HST Tue Oct 28 2025, configured from console by console.wr
                    ^
% Invalid input detected at '^' marker.

MainSwitch(config)#n end
MainSwitch#wr
Building configuration...

Oct 29 03:18:29.453: %SYS-5-CONFIG_I: Configured from console by console[OK]
MainSwitch#show ui  ip int brief
Interface              IP-Address      OK? Method Status                Protocol
Vlan1                  192.168.1.2     YES manual up                    up      
FastEthernet0          unassigned      YES unset  administratively down down    
GigabitEthernet2/0/1   unassigned      YES unset  up                    up      
GigabitEthernet2/0/2   unassigned      YES unset  down                  down    
GigabitEthernet2/0/3   unassigned      YES unset  down                  down    
GigabitEthernet2/0/4   unassigned      YES unset  down                  down    
GigabitEthernet2/0/5   unassigned      YES unset  down                  down    
GigabitEthernet2/0/6   unassigned      YES unset  down                  down    
GigabitEthernet2/0/7   unassigned      YES unset  down                  down    
GigabitEthernet2/0/8   unassigned      YES unset  down                  down    
GigabitEthernet2/0/9   unassigned      YES unset  down                  down    
GigabitEthernet2/0/10  unassigned      YES unset  down                  down    
GigabitEthernet2/0/11  unassigned      YES unset  down                  down    
GigabitEthernet2/0/12  unassigned      YES unset  down                  down    
GigabitEthernet2/0/13  unassigned      YES unset  down                  down    
GigabitEthernet2/0/14  unassigned      YES unset  down                  down    
GigabitEthernet2/0/15  unassigned      YES unset  down                  down    
GigabitEthernet2/0/16  unassigned      YES unset  down                  down    
GigabitEthernet2/0/17  unassigned      YES unset  down                  down    
GigabitEthernet2/0/18  unassigned      YES unset  down                  down    
GigabitEthernet2/0/19  unassigned      YES unset  down                  down    
 --More--         GigabitEthernet2/0/20  unassigned      YES unset  down                  down    
 --More--         GigabitEthernet2/0/21  unassigned      YES unset  down                  down    
 --More--         GigabitEthernet2/0/22  unassigned      YES unset  down                  down    
 --More--         GigabitEthernet2/0/23  unassigned      YES unset  down                  down    
 --More--         GigabitEthernet2/0/24  unassigned      YES unset  down                  down    
 --More--         GigabitEthernet2/0/25  unassigned      YES unset  down                  down    
 --More--         GigabitEthernet2/0/26  unassigned      YES unset  down                  down    
 --More--         GigabitEthernet2/0/27  unassigned      YES unset  down                  down    
 --More--         GigabitEthernet2/0/28  unassigned      YES unset  down                  down    
 --More--         GigabitEthernet2/0/29  unassigned      YES unset  down                  down    
 --More--         GigabitEthernet2/0/30  unassigned      YES unset  down                  down    
 --More--         GigabitEthernet2/0/31  unassigned      YES unset  down                  down    
 --More--         GigabitEthernet2/0/32  unassigned      YES unset  down                  down    
 --More--         GigabitEthernet2/0/33  unassigned      YES unset  down                  down    
 --More--         GigabitEthernet2/0/34  unassigned      YES unset  down                  down    
 --More--         GigabitEthernet2/0/35  unassigned      YES unset  down                  down    
 --More--         GigabitEthernet2/0/36  unassigned      YES unset  down                  down    
 --More--         GigabitEthernet2/0/37  unassigned      YES unset  down                  down    
 --More--         GigabitEthernet2/0/38  unassigned      YES unset  down                  down    
 --More--         GigabitEthernet2/0/39  unassigned      YES unset  down                  down    
 --More--         GigabitEthernet2/0/40  unassigned      YES unset  down                  down    
 --More--         GigabitEthernet2/0/41  unassigned      YES unset  down                  down    
 --More--         GigabitEthernet2/0/42  unassigned      YES unset  down                  down    
 --More--         GigabitEthernet2/0/43  unassigned      YES unset  down                  down    
 --More--         GigabitEthernet2/0/44  unassigned      YES unset  down                  down    
 --More--         GigabitEthernet2/0/45  unassigned      YES unset  down                  down    
 --More--         GigabitEthernet2/0/46  unassigned      YES unset  down                  down    
 --More--         GigabitEthernet2/0/47  unassigned      YES unset  down                  down    
 --More--         GigabitEthernet2/0/48  unassigned      YES unset  down                  down    
 --More--         GigabitEthernet2/0/49  unassigned      YES unset  down                  down    
 --More--         GigabitEthernet2/0/50  unassigned      YES unset  down                  down    
 --More--         Te2/0/1                unassigned      YES unset  down                  down    
 --More--         Te2/0/2                unassigned      YES unset  down                  down    
MainSwitch#
MainSwitch#
MainSwitch#
MainSwitch#
MainSwitch#
MainSwitch#
MainSwitch#
MainSwitch#
MainSwitch#show run
Building configuration...

Current configuration : 3207 bytes
!
! Last configuration change at 17:18:29 HST Tue Oct 28 2025
! NVRAM config last updated at 17:18:30 HST Tue Oct 28 2025
!
version 15.2
no service pad
service timestamps debug datetime msec
service timestamps log datetime msec
service password-encryption
!
hostname MainSwitch
!
boot-start-marker
boot-end-marker
!
enable secret 9 $9$htzH4NLm4nYnN4$nlTrnUVLPwegiMbGkXTFyUiHX8wlYbCTTcxyjfFZhlk
!
username admin secret 9 $9$iZCUw0qN2NVu/q$No5d9Ar4M15QDQFEFEFaIR9HDWiPEhDlKcvQN3cXFdg
no aaa new-model
clock timezone HST -10 0
 --More--         switch 2 provision ws-c2960xr-48lpd-i
 --More--         system mtu routing 1500
 --More--         !
 --More--         !
 --More--         !
 --More--         !
 --More--         !
 --More--         !
 --More--         no ip domain-lookup
 --More--         ip domain-name billonlab.local
 --More--         !
 --More--         !
 --More--         !
 --More--         !
 --More--         !
 --More--         !
 --More--         !
 --More--         !
 --More--         !
 --More--         spanning-tree mode rapid-pvst
 --More--         spanning-tree extend system-id
 --More--         !
 --More--         !
 --More--         !
 --More--         !
 --More--         vlan internal allocation policy ascending
 --More--         !
 --More--         !
 --More--         ! 
 --More--         !
 --More--         !
 --More--         !
 --More--         !
 --More--         !
 --More--         !
 --More--         !
 --More--         !
 --More--         interface FastEthernet0
 --More--          no ip address
 --More--          shutdown
 --More--         !
 --More--         interface GigabitEthernet2/0/1
 --More--         !
 --More--         interface GigabitEthernet2/0/2
 --More--          switchport mode access
 --More--         !
 --More--         interface GigabitEthernet2/0/3
 --More--          switchport mode access
 --More--         !
 --More--         interface GigabitEthernet2/0/4
 --More--          switchport mode access
 --More--         !
 --More--         interface GigabitEthernet2/0/5
 --More--          switchport mode access
 --More--         !
 --More--         interface GigabitEthernet2/0/6
 --More--          switchport mode access
 --More--         !
 --More--         interface GigabitEthernet2/0/7
 --More--          switchport mode access
 --More--         !
 --More--         interface GigabitEthernet2/0/8
 --More--          switchport mode access
 --More--         !
 --More--         interface GigabitEthernet2/0/9
 --More--          switchport mode access
 --More--         !
 --More--         interface GigabitEthernet2/0/10
 --More--          switchport mode access
 --More--         !
 --More--         interface GigabitEthernet2/0/11
 --More--         !
 --More--         interface GigabitEthernet2/0/12
 --More--         !
 --More--         interface GigabitEthernet2/0/13
 --More--         !
 --More--         interface GigabitEthernet2/0/14
 --More--         !
 --More--         interface GigabitEthernet2/0/15
 --More--         !
 --More--         interface GigabitEthernet2/0/16
 --More--         !
 --More--         interface GigabitEthernet2/0/17
 --More--         !
 --More--         interface GigabitEthernet2/0/18
 --More--         !
 --More--         interface GigabitEthernet2/0/19
 --More--         !
 --More--         interface GigabitEthernet2/0/20
 --More--         !
 --More--         interface GigabitEthernet2/0/21
 --More--         !
 --More--         interface GigabitEthernet2/0/22
 --More--         !
 --More--         interface GigabitEthernet2/0/23
 --More--         !
 --More--         interface GigabitEthernet2/0/24
 --More--         !
 --More--         interface GigabitEthernet2/0/25
 --More--         !
 --More--         interface GigabitEthernet2/0/26
 --More--         !
 --More--         interface GigabitEthernet2/0/27
 --More--         !
 --More--         interface GigabitEthernet2/0/28
 --More--         !
 --More--         interface GigabitEthernet2/0/29
 --More--         !
 --More--         interface GigabitEthernet2/0/30
 --More--         !
 --More--         interface GigabitEthernet2/0/31
 --More--         !
 --More--         interface GigabitEthernet2/0/32
 --More--         !
 --More--         interface GigabitEthernet2/0/33
 --More--         !
 --More--         interface GigabitEthernet2/0/34
 --More--         !
 --More--         interface GigabitEthernet2/0/35
 --More--         !
 --More--         interface GigabitEthernet2/0/36
 --More--         !
 --More--         interface GigabitEthernet2/0/37
 --More--         !
 --More--         interface GigabitEthernet2/0/38
 --More--         !
 --More--         interface GigabitEthernet2/0/39
 --More--         !
 --More--         interface GigabitEthernet2/0/40
 --More--         !
 --More--         interface GigabitEthernet2/0/41
 --More--         !
 --More--         interface GigabitEthernet2/0/42
 --More--         !
 --More--         interface GigabitEthernet2/0/43
 --More--         !
 --More--         interface GigabitEthernet2/0/44
 --More--         !
 --More--         interface GigabitEthernet2/0/45
 --More--         !
 --More--         interface GigabitEthernet2/0/46
 --More--         !
 --More--         interface GigabitEthernet2/0/47
 --More--         !
 --More--         interface GigabitEthernet2/0/48
 --More--         !
 --More--         interface GigabitEthernet2/0/49
 --More--         !
 --More--         interface GigabitEthernet2/0/50
 --More--         !
 --More--         interface TenGigabitEthernet2/0/1
 --More--         !
 --More--         interface TenGigabitEthernet2/0/2
 --More--         !
 --More--         interface Vlan1
 --More--          ip address 192.168.1.2 255.255.255.0
 --More--         !
 --More--         ip default-gateway 192.168.1.1
 --More--         ip forward-protocol nd
 --More--         !
 --More--         ip http server
 --More--         ip http secure-server
 --More--         ip ssh version 2
 --More--         !
 --More--         !
 --More--         !
 --More--         !
 --More--         banner motd ^CCUnauthorized Access is Strictly Prohibited^C
 --More--         !
 --More--         line con 0
 --More--          login local
 --More--          speed 115200
 --More--         line vty 0 4
 --More--          login local
 --More--          transport input ssh
 --More--         line vty 5 15
 --More--          login local
 --More--          transport input ssh
 --More--         !
 --More--         !
 --More--         end
 --More--         
MainSwitch#
MainSwitch#
MainSwitch#
MainSwitch#show vlan brief

VLAN Name                             Status    Ports
---- -------------------------------- --------- -------------------------------
1    default                          active    Gi2/0/1, Gi2/0/2, Gi2/0/3
                                                Gi2/0/4, Gi2/0/5, Gi2/0/6
                                                Gi2/0/7, Gi2/0/8, Gi2/0/9
                                                Gi2/0/10, Gi2/0/11, Gi2/0/12
                                                Gi2/0/13, Gi2/0/14, Gi2/0/15
                                                Gi2/0/16, Gi2/0/17, Gi2/0/18
                                                Gi2/0/19, Gi2/0/20, Gi2/0/21
                                                Gi2/0/22, Gi2/0/23, Gi2/0/24
                                                Gi2/0/25, Gi2/0/26, Gi2/0/27
                                                Gi2/0/28, Gi2/0/29, Gi2/0/30
                                                Gi2/0/31, Gi2/0/32, Gi2/0/33
                                                Gi2/0/34, Gi2/0/35, Gi2/0/36
                                                Gi2/0/37, Gi2/0/38, Gi2/0/39
                                                Gi2/0/40, Gi2/0/41, Gi2/0/42
                                                Gi2/0/43, Gi2/0/44, Gi2/0/45
                                                Gi2/0/46, Gi2/0/47, Gi2/0/48
                                                Te2/0/1, Te2/0/2
1002 fddi-default                     act/unsup 
1003 token-ring-default               act/unsup 
1004 fddinet-default                  act/unsup 
 --More--         
MainSwitch#how versu ion
            ^
% Invalid input detected at '^' marker.

MainSwitch#how versionshow version
Cisco IOS Software, C2960X Software (C2960X-UNIVERSALK9-M), Version 15.2(7)E11, RELEASE SOFTWARE (fc3)
Technical Support: http://www.cisco.com/techsupport
Copyright (c) 1986-2024 by Cisco Systems, Inc.
Compiled Fri 23-Aug-24 13:25 by mcpre

ROM: Bootstrap program is C2960X boot loader
BOOTLDR: C2960X Boot Loader (C2960X-HBOOT-M) Version 15.2(7r)E, RELEASE SOFTWARE (fc2)

MainSwitch uptime is 21 minutes
System returned to ROM by power-on
System restarted at 16:57:54 HST Tue Oct 28 2025
System image file is "flash:c2960x-universalk9-mz.152-7.E11.bin"
Last reload reason: power-on



This product contains cryptographic features and is subject to United
States and local country laws governing import, export, transfer and
use. Delivery of Cisco cryptographic products does not imply
third-party authority to import, export, distribute or use encryption.
Importers, exporters, distributors and users are responsible for
 --More--         compliance with U.S. and local country laws. By using this product you
agree to comply with applicable laws and regulations. If you are unable
to comply with U.S. and local laws, return this product immediately.

A summary of U.S. laws governing Cisco cryptographic products may be found at:
http://www.cisco.com/wwl/export/crypto/tool/stqrg.html

If you require further assistance please contact us by sending email to
export@cisco.com.

cisco WS-C2960XR-48LPD-I (APM86XXX) processor (revision N0) with 524288K bytes of memory.
Processor board ID FDO2025B0TJ
Last reset from power-on
1 Virtual Ethernet interface
1 FastEthernet interface
50 Gigabit Ethernet interfaces
4 Ten Gigabit Ethernet interfaces
The password-recovery mechanism is enabled.

512K bytes of flash-simulated non-volatile configuration memory.
Base ethernet MAC Address       : 94:D4:69:71:18:00
Motherboard assembly number     : 73-100634-03
 --More--         Power supply part number        : 341-0531-03
Motherboard serial number       : FDO20251QQB
Power supply serial number      : DCB2020B011
Model revision number           : N0
Motherboard revision number     : C0
Model number                    : WS-C2960XR-48LPD-I
Daughterboard assembly number   : 73-14200-03
Daughterboard serial number     : FDO20251UHB
System serial number            : FDO2025B0TJ
Top Assembly Part Number        : 68-100311-02
Top Assembly Revision Number    : B0
Version ID                      : V06
CLEI Code Number                : CMMKF10ARF
Daughterboard revision number   : A0
Hardware Board Revision Number  : 0x21


Switch Ports Model                     SW Version            SW Image                 
------ ----- -----                     ----------            ----------               
*    2 54    WS-C2960XR-48LPD-I        15.2(7)E11            C2960X-UNIVERSALK9-M     
 --More--         

Configuration register is 0xF

MainSwitch#
